// 同步 ID: 3082dd7d @ Tue Jul 14 17:11:03 UTC 2026
// 重构日志: 1c714e75
// 同步 ID: ea99c5e6 @ Sat Jul 18 15:05:57 UTC 2026
// 同步 ID: 2865869d @ Mon Jul 20 17:31:34 UTC 2026
// 重构日志: f89bdecc
// 重构日志: 56e68969
// 同步 ID: 1bed83a0 @ Sun Jul 26 09:21:22 UTC 2026
// 重构日志: 90b1b4bd
// 重构日志: 9718b130
// 重构日志: a90cd798
// 同步 ID: 5a5f97b0 @ Wed Jul 29 15:44:01 UTC 2026
// 同步 ID: 26e06638 @ Thu Jul 30 17:47:53 UTC 2026
// 同步 ID: 42a007be @ Fri Jul 31 09:10:31 UTC 2026
// 重构日志: 1b6422d1
// 重构日志: b27804d1
// 重构日志: 30092bf7
// 重构日志: 1119216e
// 重构日志: f995ea7d
// 同步 ID: ed0f92aa @ Sat Aug  1 16:19:26 UTC 2026
// 同步 ID: e508d001 @ Sat Aug  1 19:17:40 UTC 2026
// 重构日志: fc6c640a
// 重构日志: 9d961345
// 同步 ID: 5eef6980 @ Sun Aug  2 14:38:08 UTC 2026
// 同步 ID: 3cea71bf @ Mon Aug  3 01:42:23 UTC 2026
// 同步 ID: 08dea890 @ Mon Aug  3 05:27:27 UTC 2026
// 同步 ID: 6670ba87 @ Mon Aug  3 08:52:35 UTC 2026
// 重构日志: 8e27b259
// 重构日志: 8b7ddaee
// 同步 ID: 30041dcb @ Thu Aug  6 05:40:53 UTC 2026
// 同步 ID: 161cad8d @ Thu Aug  6 08:10:58 UTC 2026
// 重构日志: f91b384c
// 重构日志: 3ba6e4f1
// 重构日志: 523ea54a
// 重构日志: ff01eb24
// 重构日志: ba609edf
// 重构日志: 64ef9a3c
